2026-08-31 10:00:02,167 [INFO] __main__: pe.py: update_db only (report generation moved to anetf.services.report_service)
2026-08-31 10:00:02,174 [INFO] __main__: update_db: total ETF 832 rows -> dedup to 273 unique indices
2026-08-31 10:00:02,838 [INFO] anetf.datasources.calendar: latest_trade_day resolved: 2026-08-28
2026-08-31 10:00:02,897 [INFO] __main__: 13: Skip unsupported index SGXTECH/新交所泛东南亚科技指数
2026-08-31 10:00:02,912 [INFO] __main__: 16: Skip unsupported index HSHKNE/恒生港股通新经济指数
2026-08-31 10:00:03,007 [INFO] __main__: 40: Skip unsupported index HSHKAT/恒生港股通汽车主题指数
2026-08-31 10:00:03,073 [INFO] __main__: 50: Skip unsupported index FARAB/富时阿拉伯指数
2026-08-31 10:00:03,177 [INFO] __main__: 75: Skip unsupported index HSC/恒生消费指数
2026-08-31 10:00:03,330 [INFO] __main__: 103: Skip unsupported index TPX/东证指数
2026-08-31 10:00:03,487 [INFO] __main__: 128: Skip unsupported index HSCPG/恒生A股电网设备指数
2026-08-31 10:00:03,530 [INFO] __main__: 134: Skip unsupported index HSHGDV/恒生港股通高股息低波动指数
2026-08-31 10:00:03,598 [INFO] __main__: 144: Skip unsupported index 716567/MSCI中国A股国际通指数
2026-08-31 10:00:03,656 [INFO] __main__: 155: Skip unsupported index HSHDY/恒生港股通高股息率指数
2026-08-31 10:00:03,818 [INFO] __main__: 181: Skip unsupported index HSHKCT/恒生港股通中国科技指数
2026-08-31 10:00:04,058 [INFO] __main__: 215: Skip unsupported index ICEA/易盛能化A
2026-08-31 10:00:04,474 [INFO] __main__: update_db: 255 skip (cached/unsupported), 18 need fresh fetch
2026-08-31 10:00:04,475 [INFO] __main__: 30: Update PE index for 987022/港股通互联网
2026-08-31 10:00:04,475 [INFO] anetf.datasources.juquaner: JQ: Update PE index id(987022), local_name(港股通互联网), trying funddb_name(港股通互联网)
2026-08-31 10:00:04,476 [INFO] __main__: 38: Update PE index for 987024/港股通消费
2026-08-31 10:00:04,476 [INFO] anetf.datasources.juquaner: JQ: Update PE index id(987024), local_name(港股通消费), trying funddb_name(港股通消费)
2026-08-31 10:00:04,476 [INFO] __main__: 46: Update PE index for 930796/全球中国互联网
2026-08-31 10:00:04,477 [INFO] anetf.datasources.juquaner: JQ: Update PE index id(930796), local_name(全球中国互联网), trying funddb_name(全球中国互联网)
2026-08-31 10:00:04,478 [INFO] __main__: 77: Update PE index for FCHI/法国CAC40
2026-08-31 10:00:04,478 [INFO] anetf.datasources.juquaner: JQ: Update PE index id(FCHI), local_name(法国CAC40), trying funddb_name(法国CAC40)
2026-08-31 10:00:04,478 [INFO] __main__: 80: Update PE index for 987006/港股科技
2026-08-31 10:00:04,480 [INFO] __main__: 102: Update PE index for 987003/港股通50
2026-08-31 10:00:04,480 [INFO] anetf.datasources.juquaner: JQ: Update PE index id(987003), local_name(港股通50), trying funddb_name(港股通50)
2026-08-31 10:00:04,481 [INFO] __main__: 114: Update PE index for 746059/MSCI中国A50互联互通
2026-08-31 10:00:04,480 [INFO] anetf.datasources.juquaner: JQ: Update PE index id(987006), local_name(港股科技), trying funddb_name(港股科技)
2026-08-31 10:00:04,481 [INFO] anetf.datasources.juquaner: JQ: Update PE index id(746059), local_name(MSCI中国A50互联互通), trying funddb_name(MSCI中国A50互联互通)
2026-08-31 10:00:04,483 [INFO] __main__: 116: Update PE index for 987016/港股通红利低波
2026-08-31 10:00:04,483 [INFO] anetf.datasources.juquaner: JQ: Update PE index id(987016), local_name(港股通红利低波), trying funddb_name(港股通红利低波)
2026-08-31 10:00:04,483 [INFO] __main__: 129: Update PE index for 000696/科创创业AI指数
2026-08-31 10:00:04,483 [INFO] __main__: 159: Update PE index for SHAU/上海金
2026-08-31 10:00:04,484 [INFO] __main__: 167: Update PE index for 930604/中国互联网30
2026-08-31 10:00:04,484 [INFO] anetf.datasources.juquaner: JQ: Update PE index id(000696), local_name(科创创业AI指数), trying funddb_name(科创创业AI指数)
2026-08-31 10:00:04,485 [INFO] __main__: 182: Update PE index for N225/日经225
2026-08-31 10:00:04,486 [INFO] anetf.datasources.juquaner: JQ: Update PE index id(N225), local_name(日经225), trying funddb_name(日经225)
2026-08-31 10:00:04,485 [INFO] anetf.datasources.juquaner: JQ: Update PE index id(SHAU), local_name(上海金), trying funddb_name(上海金)
2026-08-31 10:00:04,485 [INFO] anetf.datasources.juquaner: JQ: Update PE index id(930604), local_name(中国互联网30), trying funddb_name(中国互联网30)
2026-08-31 10:00:05,300 [ERROR] anetf.datasources.juquaner: JQ: query failed for all candidates: ['港股通消费']
2026-08-31 10:00:05,300 [INFO] anetf.datasources.cni: GZ: Update PE index id(987024), name(港股通消费)
2026-08-31 10:00:05,600 [INFO] anetf.datasources.calendar: cni_index_list loaded: 1463 indices
2026-08-31 10:00:05,600 [WARNING] anetf.datasources.cni: GZ: Update 987024 skipped, PE is NaN in gz_df.
2026-08-31 10:00:05,601 [INFO] anetf.datasources.price: PRICE: Update index id(987024), name(港股通消费), source=cni
2026-08-31 10:00:05,880 [ERROR] anetf.datasources.juquaner: JQ: query failed for all candidates: ['港股通50']
2026-08-31 10:00:05,880 [INFO] anetf.datasources.cni: GZ: Update PE index id(987003), name(港股通50)
2026-08-31 10:00:05,880 [WARNING] anetf.datasources.cni: GZ: Update 987003 skipped, PE is NaN in gz_df.
2026-08-31 10:00:05,880 [INFO] anetf.datasources.price: PRICE: Update index id(987003), name(港股通50), source=cni
2026-08-31 10:00:05,909 [ERROR] anetf.datasources.juquaner: JQ: query failed for all candidates: ['港股通红利低波']
2026-08-31 10:00:05,909 [INFO] anetf.datasources.cni: GZ: Update PE index id(987016), name(港股通红利低波)
2026-08-31 10:00:05,910 [WARNING] anetf.datasources.cni: GZ: Update 987016 skipped, PE is NaN in gz_df.
2026-08-31 10:00:05,910 [INFO] anetf.datasources.price: PRICE: Update index id(987016), name(港股通红利低波), source=cni
2026-08-31 10:00:05,953 [ERROR] anetf.datasources.juquaner: JQ: query failed for all candidates: ['港股通互联网']
2026-08-31 10:00:05,953 [INFO] anetf.datasources.cni: GZ: Update PE index id(987022), name(港股通互联网)
2026-08-31 10:00:05,953 [WARNING] anetf.datasources.cni: GZ: Update 987022 skipped, PE is NaN in gz_df.
2026-08-31 10:00:05,954 [INFO] anetf.datasources.price: PRICE: Update index id(987022), name(港股通互联网), source=cni
2026-08-31 10:00:05,994 [ERROR] anetf.datasources.juquaner: JQ: query failed for all candidates: ['港股科技']
2026-08-31 10:00:05,995 [INFO] anetf.datasources.cni: GZ: Update PE index id(987006), name(港股科技)
2026-08-31 10:00:05,995 [WARNING] anetf.datasources.cni: GZ: Update 987006 skipped, PE is NaN in gz_df.
2026-08-31 10:00:05,995 [INFO] anetf.datasources.price: PRICE: Update index id(987006), name(港股科技), source=cni
2026-08-31 10:00:06,081 [INFO] anetf.datasources.price: PRICE: CNI index 987022 loaded 243 rows from index_hist_cni
2026-08-31 10:00:06,088 [INFO] anetf.datasources.price: PRICE: CNI index 987016 loaded 243 rows from index_hist_cni
2026-08-31 10:00:06,095 [INFO] __main__: 186: Update PE index for GDAXI/德国DAX
2026-08-31 10:00:06,098 [INFO] anetf.datasources.juquaner: JQ: Update PE index id(GDAXI), local_name(德国DAX), trying funddb_name(德国DAX)
2026-08-31 10:00:06,100 [INFO] __main__: 193: Update PE index for 987008/港股通科技
2026-08-31 10:00:06,102 [INFO] anetf.datasources.juquaner: JQ: Update PE index id(987008), local_name(港股通科技), trying funddb_name(港股通科技)
2026-08-31 10:00:06,102 [ERROR] anetf.datasources.juquaner: JQ: query failed for all candidates: ['港股通科技']
2026-08-31 10:00:06,102 [INFO] anetf.datasources.cni: GZ: Update PE index id(987008), name(港股通科技)
2026-08-31 10:00:06,102 [WARNING] anetf.datasources.cni: GZ: Update 987008 skipped, PE is NaN in gz_df.
2026-08-31 10:00:06,103 [INFO] anetf.datasources.price: PRICE: Update index id(987008), name(港股通科技), source=cni
2026-08-31 10:00:06,101 [INFO] anetf.datasources.price: PRICE: CNI index 987024 loaded 243 rows from index_hist_cni
2026-08-31 10:00:06,116 [INFO] __main__: 203: Update PE index for CN6052/金属指数
2026-08-31 10:00:06,117 [INFO] anetf.datasources.juquaner: JQ: Update PE index id(CN6052), local_name(金属指数), trying funddb_name(金属指数)
2026-08-31 10:00:06,120 [ERROR] anetf.datasources.juquaner: JQ: query failed for all candidates: ['金属指数']
2026-08-31 10:00:06,122 [WARNING] __main__: CN6052: all PE sources failed but index has PE history, leave dates empty for retry (no price fallback)
2026-08-31 10:00:06,122 [INFO] __main__: 253: Update PE index for 980086/创新药
2026-08-31 10:00:06,122 [INFO] anetf.datasources.juquaner: JQ: Update PE index id(980086), local_name(创新药), trying funddb_name(创新药)
2026-08-31 10:00:06,122 [ERROR] anetf.datasources.juquaner: JQ: query failed for all candidates: ['创新药']
2026-08-31 10:00:06,122 [INFO] anetf.datasources.cni: GZ: Update PE index id(980086), name(创新药)
2026-08-31 10:00:06,122 [WARNING] anetf.datasources.cni: GZ: Update 980086 skipped, PE is NaN in gz_df.
2026-08-31 10:00:06,122 [INFO] anetf.datasources.price: PRICE: Update index id(980086), name(创新药), source=cni
2026-08-31 10:00:06,125 [ERROR] anetf.datasources.juquaner: JQ: query failed for all candidates: ['上海金']
2026-08-31 10:00:06,126 [INFO] anetf.datasources.price: PRICE: CNI index 987003 loaded 243 rows from index_hist_cni
2026-08-31 10:00:06,126 [INFO] anetf.datasources.price: PRICE: Update index id(SHAU), name(上海金), source=gold
2026-08-31 10:00:06,131 [INFO] __main__: 258: Update PE index for 987018/港股通创新药
2026-08-31 10:00:06,133 [INFO] anetf.datasources.juquaner: JQ: Update PE index id(987018), local_name(港股通创新药), trying funddb_name(港股通创新药)
2026-08-31 10:00:06,133 [ERROR] anetf.datasources.juquaner: JQ: query failed for all candidates: ['港股通创新药']
2026-08-31 10:00:06,133 [INFO] anetf.datasources.cni: GZ: Update PE index id(987018), name(港股通创新药)
2026-08-31 10:00:06,133 [WARNING] anetf.datasources.cni: GZ: Update 987018 skipped, PE is NaN in gz_df.
2026-08-31 10:00:06,133 [INFO] anetf.datasources.price: PRICE: Update index id(987018), name(港股通创新药), source=cni
2026-08-31 10:00:06,187 [ERROR] anetf.datasources.juquaner: JQ: query failed for all candidates: ['科创创业AI指数']
2026-08-31 10:00:06,195 [INFO] anetf.datasources.csindex: ZZ: Update PE index id(000696)
2026-08-31 10:00:06,215 [ERROR] anetf.datasources.juquaner: JQ: query failed for all candidates: ['中国互联网30']
2026-08-31 10:00:06,215 [INFO] anetf.datasources.csindex: ZZ: Update PE index id(930604)
2026-08-31 10:00:06,279 [ERROR] anetf.datasources.juquaner: JQ: query failed for all candidates: ['全球中国互联网']
2026-08-31 10:00:06,280 [INFO] anetf.datasources.csindex: ZZ: Update PE index id(930796)
2026-08-31 10:00:06,309 [ERROR] __main__: 中证指数: fetch failed for 930604: HTTP Error 403: Forbidden
2026-08-31 10:00:06,310 [INFO] anetf.datasources.cni: GZ: Update PE index id(930604), name(中国互联网30)
2026-08-31 10:00:06,310 [WARNING] anetf.datasources.cni: GZ: Update 930604 failed, index not found in gz_df.
2026-08-31 10:00:06,310 [INFO] anetf.datasources.csindex: CSI: Update PE index id(930604), name(中国互联网30)
2026-08-31 10:00:06,311 [ERROR] __main__: 中证指数: fetch failed for 930796: HTTP Error 403: Forbidden
2026-08-31 10:00:06,311 [INFO] anetf.datasources.cni: GZ: Update PE index id(930796), name(全球中国互联网)
2026-08-31 10:00:06,311 [WARNING] anetf.datasources.cni: GZ: Update 930796 failed, index not found in gz_df.
2026-08-31 10:00:06,311 [INFO] anetf.datasources.csindex: CSI: Update PE index id(930796), name(全球中国互联网)
2026-08-31 10:00:06,324 [ERROR] __main__: 中证指数: fetch failed for 000696: HTTP Error 403: Forbidden
2026-08-31 10:00:06,324 [INFO] anetf.datasources.cni: GZ: Update PE index id(000696), name(科创创业AI指数)
2026-08-31 10:00:06,324 [WARNING] anetf.datasources.cni: GZ: Update 000696 failed, index not found in gz_df.
2026-08-31 10:00:06,325 [INFO] anetf.datasources.csindex: CSI: Update PE index id(000696), name(科创创业AI指数)
2026-08-31 10:00:06,404 [ERROR] __main__: 中证指数行情: fetch failed for 000696: Length mismatch: Expected axis has 0 elements, new values have 16 elements
2026-08-31 10:00:06,408 [INFO] anetf.datasources.price: PRICE: Update index id(000696), name(科创创业AI指数), source=cn
2026-08-31 10:00:06,468 [INFO] anetf.datasources.price: PRICE: CNI index 987018 loaded 243 rows from index_hist_cni
2026-08-31 10:00:06,472 [INFO] anetf.datasources.price: PRICE: CNI index 987008 loaded 243 rows from index_hist_cni
2026-08-31 10:00:06,475 [INFO] __main__: 266: Update PE index for AU9999/黄金9999指数
2026-08-31 10:00:06,477 [INFO] anetf.datasources.juquaner: JQ: Update PE index id(AU9999), local_name(黄金9999指数), trying funddb_name(黄金9999指数)
2026-08-31 10:00:06,477 [ERROR] anetf.datasources.juquaner: JQ: query failed for all candidates: ['黄金9999指数']
2026-08-31 10:00:06,477 [INFO] anetf.datasources.price: PRICE: Update index id(AU9999), name(黄金9999指数), source=gold
2026-08-31 10:00:06,489 [INFO] anetf.datasources.price: PRICE: CNI index 980086 loaded 252 rows from index_hist_cni
2026-08-31 10:00:06,502 [INFO] anetf.datasources.price: PRICE: CNI index 987006 loaded 243 rows from index_hist_cni
2026-08-31 10:00:06,825 [INFO] __main__: update_db finished: done=18, failed=0
